[0m15:33:07.719592 [debug] [MainThread]: Sending event: {'category': 'dbt', 'action': 'invocation', 'label': 'start', 'context': [<snowplow_tracker.self_describing_json.SelfDescribingJson object at 0x7f0dc1ea30e0>, <snowplow_tracker.self_describing_json.SelfDescribingJson object at 0x7f0dc4fc2ad0>, <snowplow_tracker.self_describing_json.SelfDescribingJson object at 0x7f0dc0f23b10>]}


============================== 15:33:07.747971 | ab92911d-f741-40fa-8aa3-bff71cf94825 ==============================
[0m15:33:07.747971 [info ] [MainThread]: Running with dbt=1.11.8
[0m15:33:07.748650 [debug] [MainThread]: running dbt with arguments {'version_check': 'True', 'target_path': 'None', 'fail_fast': 'False', 'indirect_selection': 'eager', 'log_cache_events': 'False', 'send_anonymous_usage_stats': 'True', 'introspect': 'True', 'debug': 'False', 'use_colors': 'True', 'cache_selected_only': 'False', 'log_path': 'logs', 'use_experimental_parser': 'False', 'printer_width': '80', 'log_format': 'default', 'invocation_command': 'dbt debug', 'warn_error_options': 'WarnErrorOptionsV2(error=[], warn=[], silence=[])', 'quiet': 'False', 'partial_parse': 'True', 'empty': 'None', 'no_print': 'None', 'warn_error': 'None', 'static_parser': 'True', 'write_json': 'True', 'profiles_dir': '/home/pierre/.dbt'}
[0m15:33:07.781276 [info ] [MainThread]: dbt version: 1.11.8
[0m15:33:07.781799 [info ] [MainThread]: python version: 3.13.5
[0m15:33:07.782281 [info ] [MainThread]: python path: /home/pierre/Documents/DE_DATASCIENTEST/dst_airlines/.venv/bin/python3
[0m15:33:07.782730 [info ] [MainThread]: os info: Linux-6.12.74+deb13+1-amd64-x86_64-with-glibc2.41
[0m15:33:07.789742 [info ] [MainThread]: Error importing adapter: No module named 'dbt.adapters.snowflake'
[0m15:33:07.791320 [info ] [MainThread]: Error importing adapter: No module named 'dbt.adapters.snowflake'
[0m15:33:07.791919 [info ] [MainThread]: Using profiles dir at /home/pierre/.dbt
[0m15:33:07.792358 [info ] [MainThread]: Using profiles.yml file at /home/pierre/.dbt/profiles.yml
[0m15:33:07.792772 [info ] [MainThread]: Using dbt_project.yml file at /home/pierre/Documents/DE_DATASCIENTEST/dst_airlines/dbt_project.yml
[0m15:33:07.793234 [info ] [MainThread]: Configuration:
[0m15:33:07.793604 [info ] [MainThread]:   profiles.yml file [[31mERROR invalid[0m]
[0m15:33:07.794014 [info ] [MainThread]:   dbt_project.yml file [[31mERROR not found[0m]
[0m15:33:07.794393 [info ] [MainThread]: Required dependencies:
[0m15:33:07.794822 [debug] [MainThread]: Executing "git --help"
[0m15:33:07.821525 [debug] [MainThread]: STDOUT: "b"usage : git [-v | --version] [-h | --help] [-C <chemin>] [-c <nom>=<valeur>]\n           [--exec-path[=<chemin>]] [--html-path] [--man-path] [--info-path]\n           [-p | --paginate | -P | --no-pager] [--no-replace-objects] [--no-lazy-fetch]\n           [--no-optional-locks] [--no-advice] [--bare] [--git-dir=<chemin>]\n           [--work-tree=<chemin>] [--namespace=<nom>] [--config-env=<nom>=<var-d-env>] \n           <commande> [<args>]\n\nCi-dessous les commandes Git habituelles dans diverses situations\xc2\xa0:\n\nd\xc3\xa9marrer une zone de travail (voir aussi\xc2\xa0: git help tutorial)\n   clone     Cloner un d\xc3\xa9p\xc3\xb4t dans un nouveau r\xc3\xa9pertoire\n   init      Cr\xc3\xa9er un d\xc3\xa9p\xc3\xb4t Git vide ou r\xc3\xa9initialiser un existant\n\ntravailler sur la modification actuelle (voir aussi\xc2\xa0: git help revisions)\n   add       Ajouter le contenu de fichiers dans l'index\n   mv        D\xc3\xa9placer ou renommer un fichier, un r\xc3\xa9pertoire, ou un lien symbolique\n   restore   Restaurer les fichiers l'arbre de travail\n   rm        Supprimer des fichiers de la copie de travail et de l'index\n\nexaminer l'historique et l'\xc3\xa9tat (voir aussi\xc2\xa0: git help revisions)\n   bisect    Trouver par recherche binaire la modification qui a introduit un bogue\n   diff      Afficher les changements entre les validations, entre validation et copie de travail, etc\n   grep      Afficher les lignes correspondant \xc3\xa0 un motif\n   log       Afficher l'historique des validations\n   show      Afficher diff\xc3\xa9rents types d'objets\n   status    Afficher l'\xc3\xa9tat de la copie de travail\n\nagrandir, marquer et modifier votre historique\n   branch    Lister, cr\xc3\xa9er ou supprimer des branches\n   commit    Enregistrer les modifications dans le d\xc3\xa9p\xc3\xb4t\n   merge     Fusionner deux ou plusieurs historiques de d\xc3\xa9veloppement ensemble\n   rebase    R\xc3\xa9application des commits sur le sommet de l'autre base\n   reset     R\xc3\xa9initialiser la HEAD courante \xc3\xa0 l'\xc3\xa9tat sp\xc3\xa9cifi\xc3\xa9\n   switch    Basculer de branche\n   tag       Cr\xc3\xa9er, lister, supprimer ou v\xc3\xa9rifier un objet d'\xc3\xa9tiquette sign\xc3\xa9 avec GPG\n\ncollaborer (voir aussi\xc2\xa0: git help workflows)\n   fetch     T\xc3\xa9l\xc3\xa9charger les objets et r\xc3\xa9f\xc3\xa9rences depuis un autre d\xc3\xa9p\xc3\xb4t\n   pull      Rapatrier et int\xc3\xa9grer un autre d\xc3\xa9p\xc3\xb4t ou une branche locale\n   push      Mettre \xc3\xa0 jour les r\xc3\xa9f\xc3\xa9rences distantes ainsi que les objets associ\xc3\xa9s\n\n'git help -a' et 'git help -g' listent les sous-commandes disponibles et\nquelques concepts. Voir 'git help <commande>' ou 'git help <concept>'\npour en lire plus \xc3\xa0 propos d'une commande sp\xc3\xa9cifique ou d'un concept.\nVoir 'git help git' pour un survol du syst\xc3\xa8me.\n""
[0m15:33:07.822113 [debug] [MainThread]: STDERR: "b''"
[0m15:33:07.822439 [info ] [MainThread]:  - git [[32mOK found[0m]

[0m15:33:07.822931 [info ] [MainThread]: Connection test skipped since no profile was found
[0m15:33:07.823414 [info ] [MainThread]: [31m2 checks failed:[0m
[0m15:33:07.823978 [info ] [MainThread]: Could not load dbt_project.yml
Profile loading failed for the following reason:
Runtime Error
  Credentials in profile "dbt_exam", target "dev" invalid: Runtime Error
    Could not find adapter type snowflake!

Runtime Error
  Credentials in profile "demo_dbt", target "dev" invalid: Runtime Error
    Could not find adapter type snowflake!


[0m15:33:07.824596 [info ] [MainThread]: Project loading failed for the following reason:
 project path </home/pierre/Documents/DE_DATASCIENTEST/dst_airlines/dbt_project.yml> not found

[0m15:33:07.828677 [debug] [MainThread]: Resource report: {"command_name": "debug", "command_success": false, "command_wall_clock_time": 0.23713623, "process_in_blocks": "26296", "process_kernel_time": 0.174589, "process_mem_max_rss": "105876", "process_out_blocks": "16", "process_user_time": 1.51575}
[0m15:33:07.829495 [debug] [MainThread]: Command `dbt debug` failed at 15:33:07.829313 after 0.24 seconds
[0m15:33:07.830034 [debug] [MainThread]: Sending event: {'category': 'dbt', 'action': 'invocation', 'label': 'end', 'context': [<snowplow_tracker.self_describing_json.SelfDescribingJson object at 0x7f0dc0dfd940>, <snowplow_tracker.self_describing_json.SelfDescribingJson object at 0x7f0dc0e31490>, <snowplow_tracker.self_describing_json.SelfDescribingJson object at 0x7f0dc0df3350>]}
[0m15:33:07.830676 [debug] [MainThread]: Flushing usage events
[0m15:33:08.252134 [debug] [MainThread]: An error was encountered while trying to flush usage events
